group\demo\Service\c_AutonomaService.class
group\demo\DTO\LocalidadDTO.class
group\demo\Controller\PerfilController.class
group\demo\Entity\PostEntity.class
group\demo\Entity\c_AutonomaEntity.class
group\demo\SolveNowApplication.class
group\demo\Controller\ProblemaController.class
group\demo\Repository\ProblemasRepository.class
group\demo\Service\UsuariosService.class
group\demo\Entity\MiObjeto.class
group\demo\Controller\IndexController.class
group\demo\Repository\LocalidadRepository.class
group\demo\Repository\UsuarioRepository.class
group\demo\Service\ProblemasServiceImpl.class
group\demo\Service\c_AutonomaServiceImpl.class
group\demo\Service\CallesServiceImpl.class
group\demo\Repository\PostRepository.class
group\demo\CorsConfig.class
group\demo\DTO\UsuariosDTO.class
group\demo\Entity\ProblemasEntity.class
group\demo\DTO\c_AutonomaDTO.class
group\demo\DTO\PostDTO.class
group\demo\Service\UsuariosServiceImpl.class
group\demo\Repository\c_AutonomaRepository.class
group\demo\Controller\SubeController.class
group\demo\Service\PostService.class
group\demo\Service\LocalidadServiceImpl.class
group\demo\Entity\LocalidadEntity.class
group\demo\DTO\CallesDTO.class
group\demo\Service\PostServiceImpl.class
group\demo\Controller\LoginController.class
group\demo\DTO\ProblemasDTO.class
group\demo\Entity\UsuariosEntity.class
group\demo\Entity\CallesEntity.class
group\demo\Repository\CallesRepository.class
group\demo\Service\LocalidadService.class
group\demo\Controller\RegistroController.class
group\demo\Service\ProblemasService.class
group\demo\Service\CallesService.class
