C:\Users\Miguel\Desktop\mio\SolveNow\SolveNow\SN.demo\src\main\java\group\demo\Service\PostServiceImpl.java
C:\Users\Miguel\Desktop\mio\SolveNow\SolveNow\SN.demo\src\main\java\group\demo\DTO\LocalidadDTO.java
C:\Users\Miguel\Desktop\mio\SolveNow\SolveNow\SN.demo\src\main\java\group\demo\Service\CallesServiceImpl.java
C:\Users\Miguel\Desktop\mio\SolveNow\SolveNow\SN.demo\src\main\java\group\demo\DTO\c_AutonomaDTO.java
C:\Users\Miguel\Desktop\mio\SolveNow\SolveNow\SN.demo\src\main\java\group\demo\CorsConfig.java
C:\Users\Miguel\Desktop\mio\SolveNow\SolveNow\SN.demo\src\main\java\group\demo\SolveNowApplication.java
C:\Users\Miguel\Desktop\mio\SolveNow\SolveNow\SN.demo\src\main\java\group\demo\DTO\CallesDTO.java
C:\Users\Miguel\Desktop\mio\SolveNow\SolveNow\SN.demo\src\main\java\group\demo\Service\c_AutonomaService.java
C:\Users\Miguel\Desktop\mio\SolveNow\SolveNow\SN.demo\src\main\java\group\demo\Repository\PostRepository.java
C:\Users\Miguel\Desktop\mio\SolveNow\SolveNow\SN.demo\src\main\java\group\demo\DTO\UsuariosDTO.java
C:\Users\Miguel\Desktop\mio\SolveNow\SolveNow\SN.demo\src\main\java\group\demo\Entity\LocalidadEntity.java
C:\Users\Miguel\Desktop\mio\SolveNow\SolveNow\SN.demo\src\main\java\group\demo\Controller\RegistroController.java
C:\Users\Miguel\Desktop\mio\SolveNow\SolveNow\SN.demo\src\main\java\group\demo\Controller\LoginController.java
C:\Users\Miguel\Desktop\mio\SolveNow\SolveNow\SN.demo\src\main\java\group\demo\Service\LocalidadService.java
C:\Users\Miguel\Desktop\mio\SolveNow\SolveNow\SN.demo\src\main\java\group\demo\Service\PostService.java
C:\Users\Miguel\Desktop\mio\SolveNow\SolveNow\SN.demo\src\main\java\group\demo\Entity\c_AutonomaEntity.java
C:\Users\Miguel\Desktop\mio\SolveNow\SolveNow\SN.demo\src\main\java\group\demo\Service\CallesService.java
C:\Users\Miguel\Desktop\mio\SolveNow\SolveNow\SN.demo\src\main\java\group\demo\Repository\c_AutonomaRepository.java
C:\Users\Miguel\Desktop\mio\SolveNow\SolveNow\SN.demo\src\main\java\group\demo\Controller\IndexController.java
C:\Users\Miguel\Desktop\mio\SolveNow\SolveNow\SN.demo\src\main\java\group\demo\DTO\PostDTO.java
C:\Users\Miguel\Desktop\mio\SolveNow\SolveNow\SN.demo\src\main\java\group\demo\DTO\ProblemasDTO.java
C:\Users\Miguel\Desktop\mio\SolveNow\SolveNow\SN.demo\src\main\java\group\demo\Service\UsuariosServiceImpl.java
C:\Users\Miguel\Desktop\mio\SolveNow\SolveNow\SN.demo\src\main\java\group\demo\Service\c_AutonomaServiceImpl.java
C:\Users\Miguel\Desktop\mio\SolveNow\SolveNow\SN.demo\src\main\java\group\demo\Controller\PerfilController.java
C:\Users\Miguel\Desktop\mio\SolveNow\SolveNow\SN.demo\src\main\java\group\demo\Controller\ProblemaController.java
C:\Users\Miguel\Desktop\mio\SolveNow\SolveNow\SN.demo\src\main\java\group\demo\Entity\PostEntity.java
C:\Users\Miguel\Desktop\mio\SolveNow\SolveNow\SN.demo\src\main\java\group\demo\Service\LocalidadServiceImpl.java
C:\Users\Miguel\Desktop\mio\SolveNow\SolveNow\SN.demo\src\main\java\group\demo\Entity\UsuariosEntity.java
C:\Users\Miguel\Desktop\mio\SolveNow\SolveNow\SN.demo\src\main\java\group\demo\Controller\SubeController.java
C:\Users\Miguel\Desktop\mio\SolveNow\SolveNow\SN.demo\src\main\java\group\demo\Repository\CallesRepository.java
C:\Users\Miguel\Desktop\mio\SolveNow\SolveNow\SN.demo\src\main\java\group\demo\Repository\ProblemasRepository.java
C:\Users\Miguel\Desktop\mio\SolveNow\SolveNow\SN.demo\src\main\java\group\demo\Entity\MiObjeto.java
C:\Users\Miguel\Desktop\mio\SolveNow\SolveNow\SN.demo\src\main\java\group\demo\Entity\CallesEntity.java
C:\Users\Miguel\Desktop\mio\SolveNow\SolveNow\SN.demo\src\main\java\group\demo\Service\UsuariosService.java
C:\Users\Miguel\Desktop\mio\SolveNow\SolveNow\SN.demo\src\main\java\group\demo\Entity\ProblemasEntity.java
C:\Users\Miguel\Desktop\mio\SolveNow\SolveNow\SN.demo\src\main\java\group\demo\Repository\LocalidadRepository.java
C:\Users\Miguel\Desktop\mio\SolveNow\SolveNow\SN.demo\src\main\java\group\demo\Service\ProblemasService.java
C:\Users\Miguel\Desktop\mio\SolveNow\SolveNow\SN.demo\src\main\java\group\demo\Repository\UsuarioRepository.java
C:\Users\Miguel\Desktop\mio\SolveNow\SolveNow\SN.demo\src\main\java\group\demo\Service\ProblemasServiceImpl.java
